<?xml version="1.0" encoding="UTF-8"?>
<TestRun id="e5b2485c-e834-4fd8-9c0d-ab58d2d85c30" name="NK68@VDI01T8AHSC013 2014-05-22 06:38:31" runUser="DOTCOM\NK68" xmlns="http://microsoft.com/schemas/VisualStudio/TeamTest/2010">
  <TestSettings name="Default Test Settings" id="871b151e-bd35-4047-96eb-5cf240d48301">
    <Deployment runDeploymentRoot="NK68_VDI01T8AHSC013 2014-05-22 06_38_31">
      <DeploymentItem filename="D:\TechBites\CI\Src\DSSol\packages\Microsoft.AspNet.WebPages.2.0.20710.0\lib\net40\System.Web.WebPages.Deployment.dll" />
      <DeploymentItem filename="D:\TechBites\CI\Src\DSSol\packages\Microsoft.AspNet.WebPages.2.0.20710.0\lib\net40\System.Web.Helpers.dll" />
      <DeploymentItem filename="D:\TechBites\CI\Src\DSSol\packages\Microsoft.AspNet.WebPages.2.0.20710.0\lib\net40\System.Web.WebPages.dll" />
      <DeploymentItem filename="D:\TechBites\CI\Src\DSSol\packages\Microsoft.Net.Http.2.0.20710.0\lib\net40\System.Net.Http.dll" />
      <DeploymentItem filename="D:\TechBites\CI\Src\DSSol\packages\Microsoft.AspNet.WebApi.WebHost.4.0.20710.0\lib\net40\System.Web.Http.WebHost.dll" />
      <DeploymentItem filename="D:\TechBites\CI\Src\DSSol\packages\Microsoft.Web.Infrastructure.1.0.0.0\lib\net40\Microsoft.Web.Infrastructure.dll" />
      <DeploymentItem filename="D:\TechBites\CI\Src\DSSol\packages\Microsoft.AspNet.WebApi.Client.4.0.20710.0\lib\net40\System.Net.Http.Formatting.dll" />
      <DeploymentItem filename="D:\TechBites\CI\Src\DSSol\packages\Microsoft.AspNet.WebApi.Core.4.0.20710.0\lib\net40\System.Web.Http.dll" />
      <DeploymentItem filename="D:\TechBites\CI\Src\DSSol\packages\Microsoft.AspNet.Razor.2.0.20710.0\lib\net40\System.Web.Razor.dll" />
      <DeploymentItem filename="D:\TechBites\CI\Src\DSSol\DSWeb\bin\DSWeb.dll" />
      <DeploymentItem filename="D:\TechBites\CI\Src\DSSol\packages\Microsoft.Net.Http.2.0.20710.0\lib\net40\System.Net.Http.WebRequest.dll" />
      <DeploymentItem filename="D:\TechBites\CI\Src\DSSol\packages\Microsoft.AspNet.Mvc.4.0.20710.0\lib\net40\System.Web.Mvc.dll" />
      <DeploymentItem filename="D:\TechBites\CI\Src\DSSol\packages\Newtonsoft.Json.4.5.6\lib\net40\Newtonsoft.Json.dll" />
      <DeploymentItem filename="D:\TechBites\CI\Src\DSSol\packages\Microsoft.AspNet.WebPages.2.0.20710.0\lib\net40\System.Web.WebPages.Razor.dll" />
    </Deployment>
    <Execution>
      <TestTypeSpecific />
      <AgentRule name="Execution Agents">
      </AgentRule>
    </Execution>
  </TestSettings>
  <Times creation="2014-05-22T06:38:31.1947722+01:00" queuing="2014-05-22T06:38:33.7257722+01:00" start="2014-05-22T06:38:33.9497722+01:00" finish="2014-05-22T06:38:42.3157722+01:00" />
  <ResultSummary outcome="Error">
    <Counters total="3" executed="1" error="0" failed="0" timeout="0" aborted="1" inconclusive="0" passedButRunAborted="0" notRunnable="0" notExecuted="2" disconnected="0" warning="0" passed="0" completed="0" inProgress="0" pending="0" />
    <RunInfos>
      <RunInfo computerName="VDI01T8AHSC013" outcome="Warning" timestamp="2014-05-22T06:38:31.9897722+01:00">
        <Text>Warning: Test Run deployment issue: The assembly or module 'Org.Mentalis.Security.Cryptography' directly or indirectly referenced by the test container 'd:\techbites\ci\src\dssol\dsweb.tests\bin\debug\dsweb.tests.dll' was not found.</Text>
      </RunInfo>
      <RunInfo computerName="VDI01T8AHSC013" outcome="Error" timestamp="2014-05-22T06:38:42.3107722+01:00">
        <Text>Test host process exited unexpectedly.</Text>
      </RunInfo>
    </RunInfos>
  </ResultSummary>
  <TestDefinitions>
    <UnitTest name="About" storage="d:\techbites\ci\src\dssol\dsweb.tests\bin\debug\dsweb.tests.dll" id="67e6030d-aef9-baaa-a9c3-e956e082d525">
      <Execution id="868f24f3-38fc-4d02-9a66-6569091f8854" />
      <TestMethod codeBase="D:/TechBites/CI/Src/DSSol/DSWeb.Tests/bin/Debug/DSWeb.Tests.DLL" adapterTypeName="Microsoft.VisualStudio.TestTools.TestTypes.Unit.UnitTestAdapter, Microsoft.VisualStudio.QualityTools.Tips.UnitTest.Adapter, Version=10.0.0.0, Culture=neutral, PublicKeyToken=b03f5f7f11d50a3a" className="DSWeb.Tests.Controllers.HomeControllerTest, DSWeb.Tests, Version=1.0.0.0, Culture=neutral, PublicKeyToken=null" name="About" />
    </UnitTest>
    <UnitTest name="Index" storage="d:\techbites\ci\src\dssol\dsweb.tests\bin\debug\dsweb.tests.dll" id="cb065536-e019-2081-6954-e42c4057cc6a">
      <Execution id="8672d577-7599-4c80-a6ed-6b8537c3d4ce" />
      <TestMethod codeBase="D:/TechBites/CI/Src/DSSol/DSWeb.Tests/bin/Debug/DSWeb.Tests.DLL" adapterTypeName="Microsoft.VisualStudio.TestTools.TestTypes.Unit.UnitTestAdapter, Microsoft.VisualStudio.QualityTools.Tips.UnitTest.Adapter, Version=10.0.0.0, Culture=neutral, PublicKeyToken=b03f5f7f11d50a3a" className="DSWeb.Tests.Controllers.HomeControllerTest, DSWeb.Tests, Version=1.0.0.0, Culture=neutral, PublicKeyToken=null" name="Index" />
    </UnitTest>
    <UnitTest name="Contact" storage="d:\techbites\ci\src\dssol\dsweb.tests\bin\debug\dsweb.tests.dll" id="3ad915c7-6c1e-d738-dd96-7612a3adea3b">
      <Execution id="03030299-498a-4a86-b627-b23895aaa630" />
      <TestMethod codeBase="D:/TechBites/CI/Src/DSSol/DSWeb.Tests/bin/Debug/DSWeb.Tests.DLL" adapterTypeName="Microsoft.VisualStudio.TestTools.TestTypes.Unit.UnitTestAdapter, Microsoft.VisualStudio.QualityTools.Tips.UnitTest.Adapter, Version=10.0.0.0, Culture=neutral, PublicKeyToken=b03f5f7f11d50a3a" className="DSWeb.Tests.Controllers.HomeControllerTest, DSWeb.Tests, Version=1.0.0.0, Culture=neutral, PublicKeyToken=null" name="Contact" />
    </UnitTest>
  </TestDefinitions>
  <TestLists>
    <TestList name="Results Not in a List" id="8c84fa94-04c1-424b-9868-57a2d4851a1d" />
    <TestList name="All Loaded Results" id="19431567-8539-422a-85d7-44ee4e166bda" />
  </TestLists>
  <TestEntries>
    <TestEntry testId="cb065536-e019-2081-6954-e42c4057cc6a" executionId="8672d577-7599-4c80-a6ed-6b8537c3d4ce" testListId="8c84fa94-04c1-424b-9868-57a2d4851a1d" />
    <TestEntry testId="67e6030d-aef9-baaa-a9c3-e956e082d525" executionId="868f24f3-38fc-4d02-9a66-6569091f8854" testListId="8c84fa94-04c1-424b-9868-57a2d4851a1d" />
    <TestEntry testId="3ad915c7-6c1e-d738-dd96-7612a3adea3b" executionId="03030299-498a-4a86-b627-b23895aaa630" testListId="8c84fa94-04c1-424b-9868-57a2d4851a1d" />
  </TestEntries>
  <Results>
    <UnitTestResult executionId="8672d577-7599-4c80-a6ed-6b8537c3d4ce" testId="cb065536-e019-2081-6954-e42c4057cc6a" testName="Index" computerName="VDI01T8AHSC013" duration="00:00:08.2440000" startTime="2014-05-22T06:38:34.0717722+01:00" endTime="2014-05-22T06:38:42.3157722+01:00" testType="13cdc9d9-ddb5-4fa4-a97d-d965ccfc6d4b" outcome="Aborted" testListId="8c84fa94-04c1-424b-9868-57a2d4851a1d" relativeResultsDirectory="8672d577-7599-4c80-a6ed-6b8537c3d4ce">
    </UnitTestResult>
    <UnitTestResult executionId="868f24f3-38fc-4d02-9a66-6569091f8854" testId="67e6030d-aef9-baaa-a9c3-e956e082d525" testName="About" computerName="VDI01T8AHSC013" testType="13cdc9d9-ddb5-4fa4-a97d-d965ccfc6d4b" outcome="NotExecuted" testListId="8c84fa94-04c1-424b-9868-57a2d4851a1d" relativeResultsDirectory="868f24f3-38fc-4d02-9a66-6569091f8854">
    </UnitTestResult>
    <UnitTestResult executionId="03030299-498a-4a86-b627-b23895aaa630" testId="3ad915c7-6c1e-d738-dd96-7612a3adea3b" testName="Contact" computerName="VDI01T8AHSC013" testType="13cdc9d9-ddb5-4fa4-a97d-d965ccfc6d4b" outcome="NotExecuted" testListId="8c84fa94-04c1-424b-9868-57a2d4851a1d" relativeResultsDirectory="03030299-498a-4a86-b627-b23895aaa630">
    </UnitTestResult>
  </Results>
</TestRun>